// Jest Snapshot v1, https://goo.gl/fbAQLP

exports[`<RiderFinalPage /> SHOULD match with snapshot 1`] = `<div />`;
