// Jest Snapshot v1, https://goo.gl/fbAQLP

exports[`<DriverFinalContainer /> SHOULD match with snapshot 1`] = `<div />`;
